// Jest Snapshot v1, https://goo.gl/fbAQLP

exports[`Pruebas en FirstApp Debe hacer match con el snapshot 1`] = `
<div>
  <h1>
    Hola pirinola
  </h1>
  <p>
    No hay subt√≠tulo
  </p>
  <p>
    Daniela Baeza
  </p>
</div>
`;
